***STARTING GEOMETRY***
Starting Repack Cycles
MCReject   xShift: 9.2 crossingAngle: 25 axialRotation: 40.27 zShift: 4.22345 energy: 4.57
MCReject   xShift: 9.2 crossingAngle: 25 axialRotation: 40.27 zShift: 4.25339 energy: -4.54501
MCReject   xShift: 9.36216 crossingAngle: 25 axialRotation: 40.27 zShift: 4.13 energy: 0.939478
MCReject   xShift: 9.2 crossingAngle: 25 axialRotation: 40.27 zShift: 4.07138 energy: -2.54105
MCReject   xShift: 9.2 crossingAngle: 25 axialRotation: 40.27 zShift: 4.15465 energy: 8.45437
MCReject   xShift: 9.2 crossingAngle: 25 axialRotation: 40.3325 zShift: 4.13 energy: -2.21805
End Repack Cycles

***REPACK GEOMETRY***
Energy;        Before: -16.5115; After: -16.5115

Completed all cycles. Accepted 0/6
Monte Carlo repack complete. Time: 0.866667min

