***STARTING GEOMETRY***
Starting Repack Cycles
MCAccept 0 xShift: 9.2 crossingAngle: 25 axialRotation: 39.5258 zShift: 4 energy: 93.8671
MCAccept 1 xShift: 9.2 crossingAngle: 23.6427 axialRotation: 39.5258 zShift: 4 energy: 93.775
MCReject   xShift: 9.2 crossingAngle: 23.6427 axialRotation: 39.5258 zShift: 3.83233 energy: 93.8671
MCAccept 2 xShift: 9.2 crossingAngle: 23.6427 axialRotation: 39.342 zShift: 4 energy: 93.775
MCAccept 3 xShift: 9.2 crossingAngle: 23.6427 axialRotation: 39.8325 zShift: 4 energy: 93.775
MCAccept 4 xShift: 9.2 crossingAngle: 23.6427 axialRotation: 39.8325 zShift: 3.97289 energy: 93.775
MCAccept 5 xShift: 9.2106 crossingAngle: 23.6427 axialRotation: 39.8325 zShift: 3.97289 energy: 93.8671
MCAccept 6 xShift: 9.20377 crossingAngle: 23.6427 axialRotation: 39.8325 zShift: 3.97289 energy: 93.8671
MCAccept 7 xShift: 9.23901 crossingAngle: 23.6427 axialRotation: 39.8325 zShift: 3.97289 energy: 93.775
End Repack Cycles

***REPACK GEOMETRY***
Energy;        Before: 93.8671; After: 93.775

Reached 6 cycles without improvement of 0.001. Accepted 8/9
Monte Carlo repack complete. Time: 0.0166667min

