Monomer - VDW weight: 1 HB weight: 1 IMM1REF weight: 1 IMM1 weight: 1
